2026-04-16 22:43:59 [INFO] Antivirus démarré
2026-04-16 22:43:59 [WARNING] Fichier suspect
2026-04-16 22:43:59 [ERROR] Erreur critique
2026-04-16 22:45:49 [INFO] Antivirus démarré	
2026-04-16 22:45:49 [WARNING] Fichier suspect	
2026-04-16 22:45:49 [ERROR] Erreur critique	
2026-04-16 22:46:03 [INFO] Antivirus démarré	
2026-04-16 22:46:03 [WARNING] Fichier suspect	
2026-04-16 22:46:03 [ERROR] Erreur critique	
2026-04-16 22:46:20 [INFO] Antivirus démarré	
2026-04-16 22:46:20 [WARNING] Fichier suspect	
2026-04-16 22:46:20 [ERROR] Erreur critique	
2026-04-16 22:48:58 [INFO] Antivirus démarré
2026-04-16 22:48:58 [WARNING] Fichier suspect
2026-04-16 22:48:58 [ERROR] Erreur critique
2026-04-16 22:49:25 [INFO] Antivirus démarré
2026-04-16 22:49:25 [WARNING] Fichier suspect
2026-04-16 22:49:25 [ERROR] Erreur critique
2026-04-16 22:49:44 [INFO] Antivirus démarré
2026-04-16 22:49:44 [WARNING] Fichier suspect
2026-04-16 22:49:44 [ERROR] Erreur critique
2026-04-16 22:50:00 [INFO] Antivirus démarré
2026-04-16 22:50:00 [WARNING] Fichier suspect
2026-04-16 22:50:00 [ERROR] Erreur critique
2026-04-16 22:50:24 [INFO] Antivirus démarré
2026-04-16 22:50:24 [WARNING] Fichier suspect
2026-04-16 22:50:24 [ERROR] Erreur critique
2026-04-16 22:50:33 [INFO] Antivirus démarré
2026-04-16 22:50:33 [WARNING] Fichier suspect
2026-04-16 22:50:33 [ERROR] Erreur critique
2026-04-17 00:16:03 [ERROR] Chemin introuvable: \\?\C:\Users\DELL LATITUDE 5420\OneDrive\Bureau\New projects\Antivirus\AEGIS\Doc profess
2026-04-17 00:16:28 [ERROR] Chemin introuvable: \\?\C:\Users\DELL LATITUDE 5420\OneDrive\Bureau\New projects\Antivirus\AEGIS\Doc profess
2026-04-17 00:16:41 [ERROR] Chemin introuvable: C:\Users\DELL LATITUDE 5420\OneDrive\Bureau\New projects\Antivirus\Doc profess
2026-04-17 00:31:21 [ERROR] Chemin introuvable: C:\Users\DELL LATITUDE 5420\OneDrive\Bureau\New projects\Antivirus\AEGIS\BraveSosftware
